// Jest Snapshot v1, https://goo.gl/fbAQLP

exports[`<Button /> should render the medium sizer by default 1`] = `
<button
  class="sc-bdvvtL kHdEPe"
>
  <span>
    Buy now
  </span>
</button>
`;
